n< n  n  n  n  n  n  n  n  n  n  n  n  n  n  n  n  n  n  n  n  e<
w  I  I  I  I  I  I  I  I  I  I  I  I  I  I  I  I  I  I  I  I  e
w  _  _  _  _  _  _  _  _  _  _  _  _  _  _  _  _  _  _  _  _  e 
w  _  _  _  _  _  _  _  _  _  _  _  _  _  _  _  _  _  _  _  _  e 
w  _  _  _  _  _  _  _  _  _  _  _  _  _  _  _  _  _  _  _  _  e 
w  _  _  _  _  _  _  _  _  _  _  _  _  _  _  _  _  _  _  _  _  e 
w  _  _  _  _  _  _  _  _  _  _  _  _  _  _  _  _  _  _  _  _  e 
w  _  _  _  _  _  _  _  _  _  _  _  _  _  _  _  _  _  _  _  _  e 
w  _  _  _  _  _  _  _  _  _  _  _  _  _  _  _  _  _  _  _  _  e 
w  _  _  _  _  _  _  _  _  _  _  _  _  _  _  _  _  _  _  _  _  e 
w  _  _  _  _  _  _  _  _  _  _  _  _  _  _  _  _  _  _  _  _  e 
w  _  _  _  _  _  _  _  s> s  s  s  s  w> _  _  _  _  _  _  _  e 
w  _  _  _  _  _  _  _  e  -  -  -  -  w  _  _  _  _  _  _  _  e 
w  _  _  _  _  _  _  _  e  -  -  -  -  w  _  _  _  _  _  _  _  e 
w  _  _  _  _  _  _  _  e  -  -  -  -  w  _  _  _  _  _  _  _  e 
w  _  _  _  _  _  _  _  e  -  -  -  -  w  _  _  _  _  _  _  _  e 
w  _  _  _  _  _  _  _  e  -  -  -  -  w  _  _  _  _  _  _  _  e 
w  _  _  _  _  _  _  _  e  -  -  -  -  w  _  _  _  _  _  _  _  e 
w  _  _  _  _  _  _  _  e  -  -  -  -  w  _  _  _  _  _  _  _  e 
w  _  _  _  _  _  _  _  e> n  n  n  n  n> _  _  _  _  _  _  _  e 
w  _  _  _  _  _  _  _  I  I  I  I  I  I  _  _  _  _  _  _  _  e 
w  _  _  _  _  _  _  _  _  _  _  _  _  _  _  _  _  _  _  _  _  e 
w  _  _  _  _  _  _  _  _  _  _  _  _  _  _  _  _  _  _  _  _  e 
w  _  _  _  _  _  _  _  _  _  _  _  _  _  _  _  _  _  _  _  _  e 
w  _  _  _  _  _  _  _  _  _  _  _  _  _  _  _  _  _  _  _  _  e 
w  _  _  _  _  _  _  _  _  _  _  _  _  _  _  _  _  _  _  _  _  e 
w  _  _  _  _  _  _  _  s> s  s  s  s  w> _  _  _  _  _  _  _  e 
w  _  _  _  _  _  _  _  e  -  -  -  -  w  _  _  _  _  _  _  _  e 
w  _  _  _  _  _  _  _  e  -  -  -  -  w  _  _  _  _  _  _  _  e 
w  _  _  _  _  _  _  _  e  -  -  -  -  w  _  _  _  _  _  _  _  e 
w  _  _  _  _  _  _  _  e  -  -  -  -  w  _  _  _  _  _  _  _  e 
w  _  _  _  _  _  _  _  e  -  -  -  -  w  _  _  _  _  _  _  _  e 
w  _  _  _  _  _  _  _  e  -  -  -  -  w  _  _  _  _  _  _  _  e 
w  _  _  _  _  _  _  _  e  -  -  -  -  w  _  _  _  _  _  _  _  e 
w  _  _  _  _  _  _  _  e> n  n  n  n  n> _  _  _  _  _  _  _  e 
w  _  _  _  _  _  _  _  I  I  I  I  I  I  _  _  _  _  _  _  _  e 
w  _  _  _  _  _  _  _  _  _  _  _  _  _  _  _  _  _  _  _  _  e 
w  _  _  _  _  _  _  _  _  _  _  _  _  _  _  _  _  _  _  _  _  e 
w  _  _  _  _  _  _  _  _  _  _  _  _  _  _  _  _  _  _  _  _  e 
w  _  _  _  _  _  _  _  _  _  _  _  _  _  _  _  _  _  _  _  _  e 
w  _  _  _  _  _  _  _  _  _  _  _  _  _  _  _  _  _  _  _  _  e 
w  _  _  _  _  _  _  _  _  _  _  _  _  _  _  _  _  _  _  _  _  e 
w  _  _  _  _  _  _  _  _  _  _  _  _  _  _  _  _  _  _  _  _  e 
w  _  _  _  _  _  _  _  _  _  _  _  _  _  _  _  _  _  _  _  _  e 
w< s  s  s  s  s  s  s  s  s  s  s  s  s  s  s  s  s  s  s  s  s<
